// Jest Snapshot v1, https://goo.gl/fbAQLP

exports[`Room Previews matches the snapshot 1`] = `
<div
  className="room-previews"
>
  <nav
    className="room-previews__nav"
  >
    <div
      className="room-previews__edit"
    >
      Edit
    </div>
    <div
      className="room-previews__title"
    >
      Chats
    </div>
    <div
      className="room-previews__new"
    >
      <i
        className="zmdi zmdi-border-color"
        onClick={[MockFunction]}
        role="button"
        tabIndex={0}
      />
    </div>
  </nav>
  <div
    className="room-previews__room-list"
  />
</div>
`;
